// Jest Snapshot v1, https://goo.gl/fbAQLP

exports[`renders Confirmation component correctly 1`] = `
<div
  className="sc-bdVaJa dwIwhc"
>
  <div
    className="item center"
  >
    Logout?
  </div>
  <div
    className="item"
  >
    <div
      className="button"
      onClick={[Function]}
    >
      <svg
        fill="currentColor"
        height="1em"
        preserveAspectRatio="xMidYMid meet"
        style={
          Object {
            "color": undefined,
            "verticalAlign": "middle",
          }
        }
        viewBox="0 0 40 40"
        width="1em"
      >
        <g>
          <path
            d="m31.6 10.7l-9.3 9.3 9.3 9.3-2.3 2.3-9.3-9.3-9.3 9.3-2.3-2.3 9.3-9.3-9.3-9.3 2.3-2.3 9.3 9.3 9.3-9.3z"
          />
        </g>
      </svg>
    </div>
    <div
      className="button"
      onClick={[Function]}
    >
      <svg
        fill="currentColor"
        height="1em"
        preserveAspectRatio="xMidYMid meet"
        style={
          Object {
            "color": undefined,
            "verticalAlign": "middle",
          }
        }
        viewBox="0 0 40 40"
        width="1em"
      >
        <g>
          <path
            d="m15 27l17.7-17.7 2.3 2.3-20 20-9.3-9.3 2.3-2.3z"
          />
        </g>
      </svg>
    </div>
  </div>
</div>
`;
